joystick.c:86:6:joystick_button_process_ms	0	static
joystick.c:190:6:JoystickDisplay	8	static
joystick.c:207:6:CalculateAngle	24	static
joystick.c:218:7:GetAngle	0	static
joystick.c:230:6:UpdateJoystickX	8	static
joystick.c:241:6:UpdateJoystickY	8	static
joystick.c:155:9:Calibrate	16	static
joystick.c:63:9:InitJoystick	16	static
joystick.c:254:6:UpdateJoystickButton	8	static
joystick.c:99:6:DetectButtonAndExecuteCallback	8	static
joystick.c:263:6:SetJoystickXCalib	0	static
joystick.c:272:6:SetJoystickYCalib	0	static
joystick.c:281:6:SetJoystickX	0	static
joystick.c:290:6:SetJoystickY	0	static
joystick.c:299:10:GetJoystickXCalib	0	static
joystick.c:308:10:GetJoystickYCalib	0	static
joystick.c:317:10:GetJoystickX	0	static
joystick.c:326:10:GetJoystickY	0	static
joystick.c:335:6:GetJoystickAllowMove	0	static
joystick.c:344:6:SetJoystickAllowMove	0	static
joystick.c:353:6:RunButtonCallback	8	static
joystick.c:363:6:SetButtonCallback	0	static
joystick.c:372:9:GetButtonState	0	static
