joystick.c:86:6:joystick_button_process_ms	0	static
joystick.c:190:6:JoystickDisplay	8	static
joystick.c:207:6:CalculateAngle	24	static
joystick.c:220:6:UpdateJoystickX	8	static
joystick.c:231:6:UpdateJoystickY	8	static
joystick.c:155:9:Calibrate	16	static
joystick.c:63:9:InitJoystick	16	static
joystick.c:244:6:UpdateJoystickButton	8	static
joystick.c:99:6:DetectButtonAndExecuteCallback	8	static
joystick.c:253:6:setJoystickXCalib	0	static
joystick.c:262:6:setJoystickYCalib	0	static
joystick.c:271:6:setJoystickX	0	static
joystick.c:280:6:setJoystickY	0	static
joystick.c:289:10:getJoystickXCalib	0	static
joystick.c:298:10:getJoystickYCalib	0	static
joystick.c:307:10:getJoystickX	0	static
joystick.c:316:10:getJoystickY	0	static
