takuzu.c:29:6:resetSeed	8	static
takuzu.c:40:6:isTimeExceeded	8	static
takuzu.c:55:6:max2OnColJusquaLigne	8	static
takuzu.c:74:6:compteEtVerifieColJusquaLigne	12	static
takuzu.c:90:6:max2OnLine	4	static
takuzu.c:106:6:compteEtVerifie	4	static
takuzu.c:126:6:generateLine	32	static
takuzu.c:167:6:Generate	8	static
takuzu.c:200:6:showTakuzu	16	static
takuzu.c:228:6:DetectLignePattern	12	static
takuzu.c:265:6:CellRemover	72	static
takuzu.c:290:6:TakuzuToMatrix	8	static
takuzu.c:326:5:TogglePixel	8	static
takuzu.c:360:6:ToggleCurrentPixel	8	static
takuzu.c:375:5:CompareGrids	8	static
takuzu.c:394:6:mainTakuzu	8	static
