takuzu.c:28:6:resetSeed	8	static
takuzu.c:39:6:isTimeExceeded	8	static
takuzu.c:54:6:max2OnColJusquaLigne	8	static
takuzu.c:73:6:compteEtVerifieColJusquaLigne	12	static
takuzu.c:89:6:max2OnLine	4	static
takuzu.c:105:6:compteEtVerifie	4	static
takuzu.c:125:6:generateLine	32	static
takuzu.c:165:6:Generate	8	static
takuzu.c:197:6:showTakuzu	16	static
takuzu.c:224:6:DetectLignePattern	12	static
takuzu.c:260:6:CellRemover	72	static
takuzu.c:284:6:TakuzuToMatrix	8	static
takuzu.c:320:5:TogglePixel	8	static
takuzu.c:354:6:ToggleCurrentPixel	8	static
takuzu.c:369:5:CompareGrids	8	static
takuzu.c:387:6:mainTakuzu	8	static
